Command line invocation:
    /Applications/Xcode_26.3.app/Contents/Developer/usr/bin/xcodebuild archive -workspace /Users/runner/work/Text_Translator/Text_Translator/TextTranslator.xcworkspace -scheme TextTranslator -configuration Release -destination generic/platform=iOS -skipMacroValidation -skipPackagePluginValidation -archivePath /Users/runner/work/Text_Translator/Text_Translator/build.xcarchive

ComputePackagePrebuildTargetDependencyGraph

Prepare packages

CreateBuildRequest

SendProjectDescription

CreateBuildOperation

ComputeTargetDependencyGraph
note: Building targets in dependency order
note: Target dependency graph (29 targets)
    Target 'TextTranslator' in project 'TextTranslator'
        ➜ Explicit dependency on target 'TextTranslatorBroadcast' in project 'TextTranslator'
        ➜ Explicit dependency on target 'DefaultTranslationProvider' in project 'TextTranslator'
        ➜ Implicit dependency on target 'Pods-TextTranslator' in project 'Pods' via file 'Pods_TextTranslator.framework' in build phase 'Link Binary'
        ➜ Implicit dependency on target 'PromisesObjC' in project 'Pods' via options '-framework FBLPromises' in build setting 'OTHER_LDFLAGS'
        ➜ Implicit dependency on target 'GTMSessionFetcher' in project 'Pods' via options '-framework GTMSessionFetcher' in build setting 'OTHER_LDFLAGS'
        ➜ Implicit dependency on target 'GoogleDataTransport' in project 'Pods' via options '-framework GoogleDataTransport' in build setting 'OTHER_LDFLAGS'
        ➜ Implicit dependency on target 'GoogleToolboxForMac' in project 'Pods' via options '-framework GoogleToolboxForMac' in build setting 'OTHER_LDFLAGS'
        ➜ Implicit dependency on target 'GoogleUtilities' in project 'Pods' via options '-framework GoogleUtilities' in build setting 'OTHER_LDFLAGS'
        ➜ Implicit dependency on target 'SSZipArchive' in project 'Pods' via options '-framework SSZipArchive' in build setting 'OTHER_LDFLAGS'
        ➜ Implicit dependency on target 'SubscriptionKit' in project 'Pods' via options '-framework SubscriptionKit' in build setting 'OTHER_LDFLAGS'
        ➜ Implicit dependency on target 'nanopb' in project 'Pods' via options '-framework nanopb' in build setting 'OTHER_LDFLAGS'
    Target 'Pods-TextTranslator' in project 'Pods'
        ➜ Explicit dependency on target 'GTMSessionFetcher' in project 'Pods'
        ➜ Explicit dependency on target 'GoogleDataTransport' in project 'Pods'
        ➜ Explicit dependency on target 'GoogleMLKit' in project 'Pods'
        ➜ Explicit dependency on target 'GoogleToolboxForMac' in project 'Pods'
        ➜ Explicit dependency on target 'GoogleUtilities' in project 'Pods'
        ➜ Explicit dependency on target 'MLKitCommon' in project 'Pods'
        ➜ Explicit dependency on target 'MLKitNaturalLanguage' in project 'Pods'
        ➜ Explicit dependency on target 'MLKitTranslate' in project 'Pods'
        ➜ Explicit dependency on target 'PromisesObjC' in project 'Pods'
        ➜ Explicit dependency on target 'SSZipArchive' in project 'Pods'
        ➜ Explicit dependency on target 'SubscriptionKit' in project 'Pods'
        ➜ Explicit dependency on target 'UMAPM' in project 'Pods'
        ➜ Explicit dependency on target 'UMCommon' in project 'Pods'
        ➜ Explicit dependency on target 'UMDevice' in project 'Pods'
        ➜ Explicit dependency on target 'nanopb' in project 'Pods'
    Target 'SubscriptionKit' in project 'Pods'
        ➜ Explicit dependency on target 'UMAPM' in project 'Pods'
        ➜ Explicit dependency on target 'UMCommon' in project 'Pods'
        ➜ Explicit dependency on target 'UMDevice' in project 'Pods'
    Target 'UMAPM' in project 'Pods'
        ➜ Explicit dependency on target 'UMCommon' in project 'Pods'
    Target 'UMCommon' in project 'Pods'
        ➜ Explicit dependency on target 'UMDevice' in project 'Pods'
    Target 'UMDevice' in project 'Pods' (no dependencies)
    Target 'TextTranslatorBroadcast' in project 'TextTranslator'
        ➜ Implicit dependency on target 'Pods-TextTranslatorBroadcast' in project 'Pods' via file 'Pods_TextTranslatorBroadcast.framework' in build phase 'Link Binary'
        ➜ Implicit dependency on target 'PromisesObjC' in project 'Pods' via options '-framework FBLPromises' in build setting 'OTHER_LDFLAGS'
        ➜ Implicit dependency on target 'GTMSessionFetcher' in project 'Pods' via options '-framework GTMSessionFetcher' in build setting 'OTHER_LDFLAGS'
        ➜ Implicit dependency on target 'GoogleDataTransport' in project 'Pods' via options '-framework GoogleDataTransport' in build setting 'OTHER_LDFLAGS'
        ➜ Implicit dependency on target 'GoogleToolboxForMac' in project 'Pods' via options '-framework GoogleToolboxForMac' in build setting 'OTHER_LDFLAGS'
        ➜ Implicit dependency on target 'GoogleUtilities' in project 'Pods' via options '-framework GoogleUtilities' in build setting 'OTHER_LDFLAGS'
        ➜ Implicit dependency on target 'SSZipArchive' in project 'Pods' via options '-framework SSZipArchive' in build setting 'OTHER_LDFLAGS'
        ➜ Implicit dependency on target 'nanopb' in project 'Pods' via options '-framework nanopb' in build setting 'OTHER_LDFLAGS'
    Target 'Pods-TextTranslatorBroadcast' in project 'Pods'
        ➜ Explicit dependency on target 'GTMSessionFetcher' in project 'Pods'
        ➜ Explicit dependency on target 'GoogleDataTransport' in project 'Pods'
        ➜ Explicit dependency on target 'GoogleMLKit' in project 'Pods'
        ➜ Explicit dependency on target 'GoogleToolboxForMac' in project 'Pods'
        ➜ Explicit dependency on target 'GoogleUtilities' in project 'Pods'
        ➜ Explicit dependency on target 'MLKitCommon' in project 'Pods'
        ➜ Explicit dependency on target 'MLKitNaturalLanguage' in project 'Pods'
        ➜ Explicit dependency on target 'MLKitTranslate' in project 'Pods'
        ➜ Explicit dependency on target 'PromisesObjC' in project 'Pods'
        ➜ Explicit dependency on target 'SSZipArchive' in project 'Pods'
        ➜ Explicit dependency on target 'nanopb' in project 'Pods'
    Target 'GoogleMLKit' in project 'Pods'
        ➜ Explicit dependency on target 'MLKitCommon' in project 'Pods'
        ➜ Explicit dependency on target 'MLKitTranslate' in project 'Pods'
    Target 'MLKitTranslate' in project 'Pods'
        ➜ Explicit dependency on target 'MLKitNaturalLanguage' in project 'Pods'
        ➜ Explicit dependency on target 'MLKitTranslate-MLKitTranslate_resource' in project 'Pods'
        ➜ Explicit dependency on target 'SSZipArchive' in project 'Pods'
    Target 'SSZipArchive' in project 'Pods'
        ➜ Explicit dependency on target 'SSZipArchive-SSZipArchive' in project 'Pods'
    Target 'SSZipArchive-SSZipArchive' in project 'Pods' (no dependencies)
    Target 'MLKitTranslate-MLKitTranslate_resource' in project 'Pods' (no dependencies)
    Target 'MLKitNaturalLanguage' in project 'Pods'
        ➜ Explicit dependency on target 'GoogleToolboxForMac' in project 'Pods'
        ➜ Explicit dependency on target 'GTMSessionFetcher' in project 'Pods'
        ➜ Explicit dependency on target 'MLKitCommon' in project 'Pods'
    Target 'MLKitCommon' in project 'Pods'
        ➜ Explicit dependency on target 'GoogleDataTransport' in project 'Pods'
        ➜ Explicit dependency on target 'GoogleToolboxForMac' in project 'Pods'
        ➜ Explicit dependency on target 'GoogleUtilities' in project 'Pods'
        ➜ Explicit dependency on target 'GTMSessionFetcher' in project 'Pods'
    Target 'GoogleUtilities' in project 'Pods'
        ➜ Explicit dependency on target 'GoogleUtilities-GoogleUtilities_Privacy' in project 'Pods'
    Target 'GoogleUtilities-GoogleUtilities_Privacy' in project 'Pods' (no dependencies)
    Target 'GoogleToolboxForMac' in project 'Pods'
        ➜ Explicit dependency on target 'GoogleToolboxForMac-GoogleToolboxForMac_Logger_Privacy' in project 'Pods'
        ➜ Explicit dependency on target 'GoogleToolboxForMac-GoogleToolboxForMac_Privacy' in project 'Pods'
    Target 'GoogleToolboxForMac-GoogleToolboxForMac_Privacy' in project 'Pods' (no dependencies)
    Target 'GoogleToolboxForMac-GoogleToolboxForMac_Logger_Privacy' in project 'Pods' (no dependencies)
    Target 'GoogleDataTransport' in project 'Pods'
        ➜ Explicit dependency on target 'GoogleDataTransport-GoogleDataTransport_Privacy' in project 'Pods'
        ➜ Explicit dependency on target 'PromisesObjC' in project 'Pods'
        ➜ Explicit dependency on target 'nanopb' in project 'Pods'
    Target 'nanopb' in project 'Pods'
        ➜ Explicit dependency on target 'nanopb-nanopb_Privacy' in project 'Pods'
    Target 'nanopb-nanopb_Privacy' in project 'Pods' (no dependencies)
    Target 'PromisesObjC' in project 'Pods'
        ➜ Explicit dependency on target 'PromisesObjC-FBLPromises_Privacy' in project 'Pods'
    Target 'PromisesObjC-FBLPromises_Privacy' in project 'Pods' (no dependencies)
    Target 'GoogleDataTransport-GoogleDataTransport_Privacy' in project 'Pods' (no dependencies)
    Target 'GTMSessionFetcher' in project 'Pods'
        ➜ Explicit dependency on target 'GTMSessionFetcher-GTMSessionFetcher_Core_Privacy' in project 'Pods'
    Target 'GTMSessionFetcher-GTMSessionFetcher_Core_Privacy' in project 'Pods' (no dependencies)
    Target 'DefaultTranslationProvider' in project 'TextTranslator' (no dependencies)

GatherProvisioningInputs

CreateBuildDescription

ExecuteExternalTool /Applications/Xcode_26.3.app/Contents/Developer/Toolchains/XcodeDefault.xctoolchain/usr/bin/clang -v -E -dM -arch arm64 -isysroot /Applications/Xcode_26.3.app/Contents/Developer/Platforms/iPhoneOS.platform/Developer/SDKs/iPhoneOS26.2.sdk -x c -c /dev/null

ExecuteExternalTool /Applications/Xcode_26.3.app/Contents/Developer/Toolchains/XcodeDefault.xctoolchain/usr/bin/clang -v -E -dM -isysroot /Applications/Xcode_26.3.app/Contents/Developer/Platforms/iPhoneOS.platform/Developer/SDKs/iPhoneOS26.2.sdk -x c -c /dev/null

ExecuteExternalTool /Applications/Xcode_26.3.app/Contents/Developer/Toolchains/XcodeDefault.xctoolchain/usr/bin/clang -v -E -dM -arch arm64 -isysroot /Applications/Xcode_26.3.app/Contents/Developer/Platforms/iPhoneOS.platform/Developer/SDKs/iPhoneOS26.2.sdk -x objective-c -c /dev/null

ExecuteExternalTool /Applications/Xcode_26.3.app/Contents/Developer/Toolchains/XcodeDefault.xctoolchain/usr/bin/swiftc --version

ExecuteExternalTool /Applications/Xcode_26.3.app/Contents/Developer/usr/bin/actool --print-asset-tag-combinations --output-format xml1 /Users/runner/work/Text_Translator/Text_Translator/Sources/Resources/Assets.xcassets

ExecuteExternalTool /Applications/Xcode_26.3.app/Contents/Developer/Toolchains/XcodeDefault.xctoolchain/usr/bin/libtool -V

ExecuteExternalTool /Applications/Xcode_26.3.app/Contents/Developer/Toolchains/XcodeDefault.xctoolchain/usr/bin/ld -version_details

ExecuteExternalTool /Applications/Xcode_26.3.app/Contents/Developer/usr/bin/actool --version --output-format xml1

Build description signature: d54214d64ff090054f258550ccd97fa8
Build description path: /Users/runner/Library/Developer/Xcode/DerivedData/TextTranslator-dcnhvhsswvkgmjgrjqwewzylrvkc/Build/Intermediates.noindex/ArchiveIntermediates/TextTranslator/IntermediateBuildFilesPath/XCBuildData/d54214d64ff090054f258550ccd97fa8.xcbuilddata
/Users/runner/work/Text_Translator/Text_Translator/Pods/Pods.xcodeproj: warning: The iOS deployment target 'IPHONEOS_DEPLOYMENT_TARGET' is set to 9.0, but the range of supported deployment target versions is 12.0 to 26.2.99. (in target 'UMDevice' from project 'Pods')
/Users/runner/work/Text_Translator/Text_Translator/Pods/Pods.xcodeproj: warning: The iOS deployment target 'IPHONEOS_DEPLOYMENT_TARGET' is set to 9.0, but the range of supported deployment target versions is 12.0 to 26.2.99. (in target 'PromisesObjC-FBLPromises_Privacy' from project 'Pods')
/Users/runner/work/Text_Translator/Text_Translator/TextTranslator.xcodeproj: error: Signing for "DefaultTranslationProvider" requires a development team. Select a development team in the Signing & Capabilities editor. (in target 'DefaultTranslationProvider' from project 'TextTranslator')
/Users/runner/work/Text_Translator/Text_Translator/Pods/Pods.xcodeproj: warning: The iOS deployment target 'IPHONEOS_DEPLOYMENT_TARGET' is set to 9.0, but the range of supported deployment target versions is 12.0 to 26.2.99. (in target 'UMAPM' from project 'Pods')
/Users/runner/work/Text_Translator/Text_Translator/Pods/Pods.xcodeproj: warning: The iOS deployment target 'IPHONEOS_DEPLOYMENT_TARGET' is set to 10.0, but the range of supported deployment target versions is 12.0 to 26.2.99. (in target 'GoogleToolboxForMac-GoogleToolboxForMac_Privacy' from project 'Pods')
/Users/runner/work/Text_Translator/Text_Translator/Pods/Pods.xcodeproj: warning: The iOS deployment target 'IPHONEOS_DEPLOYMENT_TARGET' is set to 9.0, but the range of supported deployment target versions is 12.0 to 26.2.99. (in target 'UMCommon' from project 'Pods')
/Users/runner/work/Text_Translator/Text_Translator/Pods/Pods.xcodeproj: warning: The iOS deployment target 'IPHONEOS_DEPLOYMENT_TARGET' is set to 9.0, but the range of supported deployment target versions is 12.0 to 26.2.99. (in target 'PromisesObjC' from project 'Pods')
/Users/runner/work/Text_Translator/Text_Translator/Pods/Pods.xcodeproj: warning: The iOS deployment target 'IPHONEOS_DEPLOYMENT_TARGET' is set to 10.0, but the range of supported deployment target versions is 12.0 to 26.2.99. (in target 'GoogleToolboxForMac-GoogleToolboxForMac_Logger_Privacy' from project 'Pods')
/Users/runner/work/Text_Translator/Text_Translator/Pods/Pods.xcodeproj: warning: The iOS deployment target 'IPHONEOS_DEPLOYMENT_TARGET' is set to 10.0, but the range of supported deployment target versions is 12.0 to 26.2.99. (in target 'GTMSessionFetcher' from project 'Pods')
/Users/runner/work/Text_Translator/Text_Translator/Pods/Pods.xcodeproj: warning: The iOS deployment target 'IPHONEOS_DEPLOYMENT_TARGET' is set to 10.0, but the range of supported deployment target versions is 12.0 to 26.2.99. (in target 'GTMSessionFetcher-GTMSessionFetcher_Core_Privacy' from project 'Pods')
/Users/runner/work/Text_Translator/Text_Translator/Pods/Pods.xcodeproj: warning: The iOS deployment target 'IPHONEOS_DEPLOYMENT_TARGET' is set to 10.0, but the range of supported deployment target versions is 12.0 to 26.2.99. (in target 'GoogleToolboxForMac' from project 'Pods')
** ARCHIVE FAILED **


The following build commands failed:
	Archiving workspace TextTranslator with scheme TextTranslator
(1 failure)
